../Core/Modules/keyboard/keyboard.c:10:6:Keyboard_Init	8	static
../Core/Modules/keyboard/keyboard.c:28:6:Keyboard_Handler	16	static
../Core/Modules/keyboard/keyboard.c:55:9:Keyboard_Scan	16	static
../Core/Modules/keyboard/keyboard.c:81:9:Keyboard_ReadMatrix	32	static
../Core/Modules/keyboard/keyboard.c:138:6:Keyboard_IsKeyPressed	16	static
../Core/Modules/keyboard/keyboard.c:143:6:Keyboard_PushKey	16	static
../Core/Modules/keyboard/keyboard.c:156:6:Keyboard_PopKey	16	static
../Core/Modules/keyboard/keyboard.c:169:6:Keyboard_HasKey	4	static
../Core/Modules/keyboard/keyboard.c:174:6:Keyboard_ClearBuffer	4	static
../Core/Modules/keyboard/keyboard.c:181:6:Keyboard_ProcessKey	16	static
../Core/Modules/keyboard/keyboard.c:199:6:Keyboard_HandleFloorRequest	16	static
../Core/Modules/keyboard/keyboard.c:205:6:Keyboard_HandleDoorControl	16	static
../Core/Modules/keyboard/keyboard.c:211:6:Keyboard_HandleEmergency	4	static
../Core/Modules/keyboard/keyboard.c:216:6:Keyboard_GPIO_Init	8	static
../Core/Modules/keyboard/keyboard.c:226:6:Keyboard_SetRow	16	static
../Core/Modules/keyboard/keyboard.c:232:9:Keyboard_ReadCol	4	static
../Core/Modules/keyboard/keyboard.c:238:9:Keyboard_MapKey	16	static
../Core/Modules/keyboard/keyboard.c:246:6:Keyboard_PrintStatus	8	static
