../Core/Modules/keyboard/keyboard.c:9:6:Keyboard_Init	8	static
../Core/Modules/keyboard/keyboard.c:29:6:Keyboard_Handler	24	static
../Core/Modules/keyboard/keyboard.c:73:9:Keyboard_Scan	16	static
../Core/Modules/keyboard/keyboard.c:99:9:Keyboard_ScanInterrupt	72	static
../Core/Modules/keyboard/keyboard.c:219:9:Keyboard_ReadMatrix	4	static
../Core/Modules/keyboard/keyboard.c:225:6:Keyboard_IsKeyPressed	16	static
../Core/Modules/keyboard/keyboard.c:230:6:Keyboard_PushKey	16	static
../Core/Modules/keyboard/keyboard.c:243:6:Keyboard_PopKey	16	static
../Core/Modules/keyboard/keyboard.c:256:6:Keyboard_HasKey	4	static
../Core/Modules/keyboard/keyboard.c:261:6:Keyboard_ClearBuffer	4	static
../Core/Modules/keyboard/keyboard.c:268:6:Keyboard_ProcessKey	16	static
../Core/Modules/keyboard/keyboard.c:285:6:Keyboard_GPIO_Init	8	static
../Core/Modules/keyboard/keyboard.c:297:6:Keyboard_IRQHandler	8	static
../Core/Modules/keyboard/keyboard.c:305:6:Keyboard_PrintStatus	8	static
