../Core/Modules/keyboard/keyboard.c:9:6:Keyboard_Init	8	static
../Core/Modules/keyboard/keyboard.c:29:6:Keyboard_Handler	24	static
../Core/Modules/keyboard/keyboard.c:67:9:Keyboard_Scan	16	static
../Core/Modules/keyboard/keyboard.c:93:9:Keyboard_ScanInterrupt	48	static
../Core/Modules/keyboard/keyboard.c:212:9:Keyboard_ReadMatrix	4	static
../Core/Modules/keyboard/keyboard.c:218:6:Keyboard_IsKeyPressed	16	static
../Core/Modules/keyboard/keyboard.c:223:6:Keyboard_PushKey	16	static
../Core/Modules/keyboard/keyboard.c:236:6:Keyboard_PopKey	16	static
../Core/Modules/keyboard/keyboard.c:249:6:Keyboard_HasKey	4	static
../Core/Modules/keyboard/keyboard.c:254:6:Keyboard_ClearBuffer	4	static
../Core/Modules/keyboard/keyboard.c:261:6:Keyboard_ProcessKey	16	static
../Core/Modules/keyboard/keyboard.c:278:6:Keyboard_GPIO_Init	8	static
../Core/Modules/keyboard/keyboard.c:290:6:Keyboard_IRQHandler	8	static
../Core/Modules/keyboard/keyboard.c:298:6:Keyboard_PrintStatus	8	static
