../Core/Modules/keyboard/keyboard.c:9:6:Keyboard_Init	8	static
../Core/Modules/keyboard/keyboard.c:29:6:Keyboard_Handler	24	static
../Core/Modules/keyboard/keyboard.c:70:9:Keyboard_Scan	16	static
../Core/Modules/keyboard/keyboard.c:96:9:Keyboard_ScanInterrupt	72	static
../Core/Modules/keyboard/keyboard.c:216:9:Keyboard_ReadMatrix	4	static
../Core/Modules/keyboard/keyboard.c:222:6:Keyboard_IsKeyPressed	16	static
../Core/Modules/keyboard/keyboard.c:227:6:Keyboard_PushKey	16	static
../Core/Modules/keyboard/keyboard.c:240:6:Keyboard_PopKey	16	static
../Core/Modules/keyboard/keyboard.c:253:6:Keyboard_HasKey	4	static
../Core/Modules/keyboard/keyboard.c:258:6:Keyboard_ClearBuffer	4	static
../Core/Modules/keyboard/keyboard.c:265:6:Keyboard_ProcessKey	16	static
../Core/Modules/keyboard/keyboard.c:282:6:Keyboard_GPIO_Init	8	static
../Core/Modules/keyboard/keyboard.c:294:6:Keyboard_IRQHandler	8	static
../Core/Modules/keyboard/keyboard.c:302:6:Keyboard_PrintStatus	8	static
