../Core/Modules/Local_BB/local_blackboard.c:17:6:LocalBB_Init	16	static
../Core/Modules/Local_BB/local_blackboard.c:35:6:LocalBB_Reset	8	static
../Core/Modules/Local_BB/local_blackboard.c:41:13:PushEvent	32	static
../Core/Modules/Local_BB/local_blackboard.c:60:13:PopEvent	16	static
../Core/Modules/Local_BB/local_blackboard.c:74:6:LocalBB_AddCabinCall	24	static
../Core/Modules/Local_BB/local_blackboard.c:90:6:LocalBB_AddPhotoSensor	16	static
../Core/Modules/Local_BB/local_blackboard.c:116:6:LocalBB_SetDirection	24	static
../Core/Modules/Local_BB/local_blackboard.c:136:6:LocalBB_AddDoorCommand	16	static
../Core/Modules/Local_BB/local_blackboard.c:145:6:LocalBB_Process	40	static
../Core/Modules/Local_BB/local_blackboard.c:216:6:LocalBB_HasEvents	4	static
../Core/Modules/Local_BB/local_blackboard.c:222:9:LocalBB_GetCurrentFloor	4	static
../Core/Modules/Local_BB/local_blackboard.c:226:9:LocalBB_GetExpectedFloor	4	static
../Core/Modules/Local_BB/local_blackboard.c:230:9:LocalBB_GetDirection	4	static
../Core/Modules/Local_BB/local_blackboard.c:236:6:LocalBB_PrintStatus	8	static
../Core/Modules/Local_BB/local_blackboard.c:255:23:LocalBB_GetDoorCommand	4	static
../Core/Modules/Local_BB/local_blackboard.c:259:6:LocalBB_ClearDoorCommand	4	static
