../Core/Modules/Local_BB/local_blackboard.c:17:6:LocalBB_Init	16	static
../Core/Modules/Local_BB/local_blackboard.c:35:6:LocalBB_Reset	8	static
../Core/Modules/Local_BB/local_blackboard.c:41:13:PushEvent	40	static,ignoring_inline_asm
../Core/Modules/Local_BB/local_blackboard.c:67:13:PopEvent	32	static,ignoring_inline_asm
../Core/Modules/Local_BB/local_blackboard.c:87:6:LocalBB_AddCabinCall	24	static
../Core/Modules/Local_BB/local_blackboard.c:107:6:LocalBB_AddPhotoSensor	16	static
../Core/Modules/Local_BB/local_blackboard.c:133:6:LocalBB_SetDirection	24	static
../Core/Modules/Local_BB/local_blackboard.c:153:6:LocalBB_AddDoorCommand	16	static
../Core/Modules/Local_BB/local_blackboard.c:162:6:LocalBB_Process	40	static
../Core/Modules/Local_BB/local_blackboard.c:232:6:LocalBB_HasEvents	4	static
../Core/Modules/Local_BB/local_blackboard.c:238:9:LocalBB_GetCurrentFloor	4	static
../Core/Modules/Local_BB/local_blackboard.c:242:9:LocalBB_GetExpectedFloor	4	static
../Core/Modules/Local_BB/local_blackboard.c:246:9:LocalBB_GetDirection	4	static
../Core/Modules/Local_BB/local_blackboard.c:252:6:LocalBB_PrintStatus	8	static
../Core/Modules/Local_BB/local_blackboard.c:271:23:LocalBB_GetDoorCommand	4	static
../Core/Modules/Local_BB/local_blackboard.c:275:6:LocalBB_ClearDoorCommand	4	static
