../Core/Modules/RS485/rs485.c:23:16:rs485_init	8	static
../Core/Modules/RS485/rs485.c:58:16:rs485_deinit	8	static
../Core/Modules/RS485/rs485.c:72:16:rs485_send_packet_dma	24	static
../Core/Modules/RS485/rs485.c:107:10:rs485_receive_packet	24	static
../Core/Modules/RS485/rs485.c:129:10:rs485_data_available	8	static
../Core/Modules/RS485/rs485.c:140:6:rs485_clear_rx_buffer	8	static
../Core/Modules/RS485/rs485.c:148:6:rs485_idle_interrupt_handler	528	static
../Core/Modules/RS485/rs485.c:172:6:rs485_tx_complete_callback	4	static
../Core/Modules/RS485/rs485.c:181:6:rs485_rx_callback	16	static
../Core/Modules/RS485/rs485.c:192:6:rs485_set_packet_callback	16	static
../Core/Modules/RS485/rs485.c:200:6:rs485_get_stats	16	static
../Core/Modules/RS485/rs485.c:210:6:rs485_reset_stats	8	static
../Core/Modules/RS485/rs485.c:218:6:rs485_print_stats	4	static
../Core/Modules/RS485/rs485.c:228:13:ring_buffer_init	24	static
../Core/Modules/RS485/rs485.c:239:17:ring_buffer_write	32	static
../Core/Modules/RS485/rs485.c:262:17:ring_buffer_read	32	static
../Core/Modules/RS485/rs485.c:278:17:ring_buffer_available	16	static
../Core/Modules/RS485/rs485.c:290:13:ring_buffer_clear	16	static
../Core/Modules/RS485/rs485.c:299:13:rs485_process_dma_rx	16	static
