../Core/Src/stm32f1xx_it.c:73:6:NMI_Handler	4	static
../Core/Src/stm32f1xx_it.c:88:6:HardFault_Handler	4	static
../Core/Src/stm32f1xx_it.c:103:6:MemManage_Handler	4	static
../Core/Src/stm32f1xx_it.c:118:6:BusFault_Handler	4	static
../Core/Src/stm32f1xx_it.c:133:6:UsageFault_Handler	4	static
../Core/Src/stm32f1xx_it.c:148:6:SVC_Handler	4	static
../Core/Src/stm32f1xx_it.c:161:6:DebugMon_Handler	4	static
../Core/Src/stm32f1xx_it.c:174:6:PendSV_Handler	4	static
../Core/Src/stm32f1xx_it.c:187:6:SysTick_Handler	8	static
../Core/Src/stm32f1xx_it.c:208:6:DMA1_Channel6_IRQHandler	8	static
../Core/Src/stm32f1xx_it.c:222:6:DMA1_Channel7_IRQHandler	8	static
../Core/Src/stm32f1xx_it.c:236:6:USART2_IRQHandler	8	static
../Core/Src/stm32f1xx_it.c:258:6:EXTI9_5_IRQHandler	8	static
../Core/Src/stm32f1xx_it.c:272:6:EXTI15_10_IRQHandler	8	static
