../Core/Modules/servo/servo_control.c:18:6:ServoControl_Init	16	static
../Core/Modules/servo/servo_control.c:42:6:ServoControl_Calibrate	24	static
../Core/Modules/servo/servo_control.c:63:6:ServoControl_SetPID	56	static
../Core/Modules/servo/servo_control.c:74:6:ServoControl_Enable	16	static
../Core/Modules/servo/servo_control.c:84:6:ServoControl_Disable	16	static
../Core/Modules/servo/servo_control.c:93:6:ServoControl_SetTargetPosition	16	static
../Core/Modules/servo/servo_control.c:108:6:ServoControl_SetSpeed	16	static
../Core/Modules/servo/servo_control.c:116:16:calculate_pid_output	40	static
../Core/Modules/servo/servo_control.c:152:6:ServoControl_Update	16	static
../Core/Modules/servo/servo_control.c:165:9:ServoControl_IsAtTarget	16	static
../Core/Modules/servo/servo_control.c:172:7:ServoControl_GetProgress	32	static
../Core/Modules/servo/servo_control.c:196:6:ServoControl_EmergencyStop	16	static
../Core/Modules/servo/servo_control.c:207:6:ServoControl_MoveRelative	24	static
../Core/Modules/servo/servo_control.c:215:6:ServoControl_MoveToAngle	32	static
../Core/Modules/servo/servo_control.c:231:6:ServoControl_RotateContinuous	24	static
../Core/Modules/servo/servo_control.c:239:6:ServoControl_Home	16	static
../Core/Modules/servo/servo_control.c:247:6:ServoControl_PrintStatus	40	static
