17:51:18 **** Incremental Build of configuration Debug for project slavemcu ****
make -j8 all 
arm-none-eabi-gcc "../Core/Src/main.c" -mcpu=cortex-m3 -std=gnu11 -g3 -DDEBUG -DUSE_HAL_DRIVER -DSTM32F103xB -c -I../Core/Inc -I../Drivers/STM32F1xx_HAL_Driver/Inc/Legacy -I../Drivers/STM32F1xx_HAL_Driver/Inc -I../Drivers/CMSIS/Device/ST/STM32F1xx/Include -I../Drivers/CMSIS/Include -O0 -ffunction-sections -fdata-sections -Wall -fstack-usage -fcyclomatic-complexity -MMD -MP -MF"Core/Src/main.d" -MT"Core/Src/main.o" --specs=nano.specs -mfloat-abi=soft -mthumb -o "Core/Src/main.o"
arm-none-eabi-gcc "../Core/Modules/servo/door_control.c" -mcpu=cortex-m3 -std=gnu11 -g3 -DDEBUG -DUSE_HAL_DRIVER -DSTM32F103xB -c -I../Core/Inc -I../Drivers/STM32F1xx_HAL_Driver/Inc/Legacy -I../Drivers/STM32F1xx_HAL_Driver/Inc -I../Drivers/CMSIS/Device/ST/STM32F1xx/Include -I../Drivers/CMSIS/Include -O0 -ffunction-sections -fdata-sections -Wall -fstack-usage -fcyclomatic-complexity -MMD -MP -MF"Core/Modules/servo/door_control.d" -MT"Core/Modules/servo/door_control.o" --specs=nano.specs -mfloat-abi=soft -mthumb -o "Core/Modules/servo/door_control.o"
arm-none-eabi-gcc -o "slavemcu.elf" @"objects.list"   -mcpu=cortex-m3 -T"C:\Users\yogo\STM32CubeIDE\workspace_1.18.1\slavemcu\STM32F103C8TX_FLASH.ld" --specs=nosys.specs -Wl,-Map="slavemcu.map" -Wl,--gc-sections -static --specs=nano.specs -mfloat-abi=soft -mthumb -Wl,--start-group -lc -lm -Wl,--end-group
Finished building target: slavemcu.elf
 
arm-none-eabi-size  slavemcu.elf 
arm-none-eabi-objdump -h -S slavemcu.elf  > "slavemcu.list"
   text	   data	    bss	    dec	    hex	filename
  33364	    140	   3900	  37404	   921c	slavemcu.elf
Finished building: default.size.stdout
 
Finished building: slavemcu.list
 

17:51:27 Build Finished. 0 errors, 0 warnings. (took 9s.81ms)

